112031978	ABH99468.1
1775560016	QPG76914.1
1939329944	NP_729979.1
