test_gbk
test_gbk
test_gbk
test_gbk
test_gbk
test_gbk
test_gbk
test_gbk
test_gbk
test_gbk
